
//Git Bash 한글 안될 때(Bash : 유닉스 쉘)
상단 오른 쪽 클릭 > Options...> Text > Locale :: ko_KR, UTF-8로 변경

//Git for Windows 사용법

1. Git Repostory 생성
>>깃허브 사이트에 들어가서 '+' 버튼을 누르고 생성한다

2.로컬저장소
>>올릴려는 폴더에서 오른 클릭 후 'Git Bash Here'로 배시를 실행한다.

>>깃을 초기화한다(로컬저장소로 만든다)
$ git init

>>올릴 파일이 있는지 확인. (빨간색으로 되어있지만 add작업을 하면 녹색으로 변함)
$ git status

>>올릴 파일 추가
$ git add . (. : 모든 파일, 파일명 혹은 폴더명을 적는다)

>>커밋
$ git commit -m "메시지"

>>깃허브에서 repository 주소 복사, bash에 등록
$ git remote add origin [repository 주소] (ctrl + v 가 안먹히니 마우스 오른클릭)

>> 깃허브와 Bash연결
$ git remote -v

>> 원격  저장소에 올림
$git push origin master


//git remote ::리모트(원격) 저장소 확인
//git remote ::-v 단축이름과 URL을 함께 봄
//git fetch <remote>  ::리모트 저장소로 가져옴
//git push origin master :: origin은 원격 저장소 이름, master은 현재 사용하는 컴퓨터의 브랜치 이름

>> 원격 저장소에서 가져오기
$git pull origin master

error: Your local changes to the following files would be overwritten by merge
발생 시
$git stash
$git pull

//git clone <원격 주소> //로컬로 복사해온다( tortose>Git 복제하기)

//tortose 깃>원격>origin:: URL 에 원격주소 붙여넣기//일반>Git:: 이름, 메일주소 넣기

//package.json 을 참조하여 모듈 설치
git install

// master -> master (fetch first) ...에러발생 시
git push origin +master로 해결

할 수 있지만 변경 내용만 push되는 것이 아니라 소스 전체가 다시 push 되는 것으로 보인다.
기존 데이터를 보장 못할 수도 있기 때문에
pull을 받는 다
pull url 을 push url 로 변경한다
pull --force진행한다 //-force, --force?
merge관련 메시지가 발생하는 경우가 있는데 자동화를 위해 이를 무시하려 force옵션을 사용한다.
push
pull url 원복

/////////////////////////////////////////////////////////


